#-----------------------------------------------------------
# xsim v2025.1 (64-bit)
# SW Build 6140274 on Thu May 22 00:12:29 MDT 2025
# IP Build 6138677 on Thu May 22 03:10:11 MDT 2025
# SharedData Build 6139179 on Tue May 20 17:58:58 MDT 2025
# Start of session at: Sun Mar  1 21:18:46 2026
# Process ID         : 30828
# Current directory  : C:/hdl_projects/mz639/sim
# Command line       : xsim.exe -log simulation.log -mode tcl -source {xsim.dir/bufr_demo_tb_sim/xsim_script.tcl}
# Log file           : C:/hdl_projects/mz639/sim/simulation.log
# Journal file       : C:/hdl_projects/mz639/sim\xsim.jou
# Running On         : Adiuvo_Adam
# Platform           : Windows Server 2016 or Windows 10
# Operating System   : 26100
# Processor Detail   : Intel(R) Core(TM) Ultra 9 285H
# CPU Frequency      : 3686 MHz
# CPU Physical cores : 16
# CPU Logical cores  : 16
# Host memory        : 33777 MB
# Swap memory        : 26843 MB
# Total Virtual      : 60621 MB
# Available Virtual  : 14289 MB
#-----------------------------------------------------------
source xsim.dir/bufr_demo_tb_sim/xsim_script.tcl
run -all
